#
# There is insufficient memory for the Java Runtime Environment to continue.
# Native memory allocation (malloc) failed to allocate 424704 bytes for Chunk::new
# Possible reasons:
#   The system is out of physical RAM or swap space
#   The process is running with CompressedOops enabled, and the Java Heap may be blocking the growth of the native heap
# Possible solutions:
#   Reduce memory load on the system
#   Increase physical memory or swap space
#   Check if swap backing store is full
#   Decrease Java heap size (-Xmx/-Xms)
#   Decrease number of Java threads
#   Decrease Java thread stack sizes (-Xss)
#   Set larger code cache with -XX:ReservedCodeCacheSize=
#   JVM is running with Zero Based Compressed Oops mode in which the Java heap is
#     placed in the first 32GB address space. The Java Heap base address is the
#     maximum limit for the native heap growth. Please use -XX:HeapBaseMinAddress
#     to set the Java Heap base and to place the Java Heap above 32GB virtual address.
# This output file may be truncated or incomplete.
#
#  Out of Memory Error (arena.cpp:168), pid=178448, tid=180116
#
# JRE version: Java(TM) SE Runtime Environment (21.0.10+8) (build 21.0.10+8-LTS-217)
# Java VM: Java HotSpot(TM) 64-Bit Server VM (21.0.10+8-LTS-217, mixed mode, sharing, tiered, compressed oops, compressed class ptrs, g1 gc, windows-amd64)
# No core dump will be written. Minidumps are not enabled by default on client versions of Windows
#

---------------  S U M M A R Y ------------

Command Line: -javaagent:C:\Program Files\JetBrains\IntelliJ IDEA 2026.1.2\lib\idea_rt.jar=55386 -Dfile.encoding=UTF-8 -Dsun.stdout.encoding=UTF-8 -Dsun.stderr.encoding=UTF-8 org.example.vehicles_rental.VehiclesRentalApplication

Host: AMD Ryzen 5 7535HS with Radeon Graphics        , 12 cores, 15G,  Windows 11 , 64 bit Build 26100 (10.0.26100.9444)
Time: Fri Sep 18 10:45:44 2026 SE Asia Standard Time elapsed time: 101.606779 seconds (0d 0h 1m 41s)

---------------  T H R E A D  ---------------

Current thread (0x00000226f7669e00):  JavaThread "C2 CompilerThread1" daemon [_thread_in_native, id=180116, stack(0x00000051cb300000,0x00000051cb400000) (1024K)]


Current CompileTask:
C2: 101606 11592       4       org.postgresql.jdbc.PgResultSet::getTimestampUtils (61 bytes)

Stack: [0x00000051cb300000,0x00000051cb400000]
Native frames: (J=compiled Java code, j=interpreted, Vv=VM code, C=native code)
V  [jvm.dll+0x6d0b59]
V  [jvm.dll+0x85fd56]
V  [jvm.dll+0x86224e]
V  [jvm.dll+0x862923]
V  [jvm.dll+0x282a16]
V  [jvm.dll+0xc662d]
V  [jvm.dll+0xc6b71]
V  [jvm.dll+0x3bbb5b]
V  [jvm.dll+0x387fd2]
V  [jvm.dll+0x38741a]
V  [jvm.dll+0x24b370]
V  [jvm.dll+0x24a94f]
V  [jvm.dll+0x1cacfe]
V  [jvm.dll+0x25a629]
V  [jvm.dll+0x258bb5]
V  [jvm.dll+0x3f4da1]
V  [jvm.dll+0x80a83d]
V  [jvm.dll+0x6cf3fd]
C  [ucrtbase.dll+0x2cd30]
C  [KERNEL32.DLL+0x2cd87]
C  [ntdll.dll+0xacaec]


---------------  P R O C E S S  ---------------

Threads class SMR info:
_java_thread_list=0x00000226fd420670, length=39, elements={
0x00000226ed98e700, 0x00000226ed98f310, 0x00000226ed994b20, 0x00000226ed99a740,
0x00000226ed99b700, 0x00000226ee330080, 0x00000226ee362a20, 0x00000226ee3635f0,
0x00000226ee634a90, 0x00000226eea9f860, 0x00000226eea9fed0, 0x00000226f51f7680,
0x00000226f51f7cf0, 0x00000226f6c6f060, 0x00000226f31214b0, 0x00000226f5bae010,
0x00000226f71b3670, 0x00000226f71b2950, 0x00000226f71b22c0, 0x00000226f71b2fe0,
0x00000226f71b3d00, 0x00000226f71b15a0, 0x00000226f71b4390, 0x00000226f71b0f10,
0x00000226f5e35cc0, 0x00000226f5e38420, 0x00000226f5e36350, 0x00000226f5e369e0,
0x00000226f5e37d90, 0x00000226f5e37070, 0x00000226f5e37700, 0x00000226f5e34fa0,
0x00000226f5e38ab0, 0x00000226f5e35630, 0x00000226f5e3b8a0, 0x00000226f5e39140,
0x00000226f5e39e60, 0x00000226f5e3bf30, 0x00000226f7669e00
}

Java Threads: ( => current thread )
  0x00000226ed98e700 JavaThread "Reference Handler"          daemon [_thread_blocked, id=153300, stack(0x00000051cbe00000,0x00000051cbf00000) (1024K)]
  0x00000226ed98f310 JavaThread "Finalizer"                  daemon [_thread_blocked, id=170984, stack(0x00000051cbf00000,0x00000051cc000000) (1024K)]
  0x00000226ed994b20 JavaThread "Signal Dispatcher"          daemon [_thread_blocked, id=134236, stack(0x00000051cc000000,0x00000051cc100000) (1024K)]
  0x00000226ed99a740 JavaThread "Attach Listener"            daemon [_thread_blocked, id=144736, stack(0x00000051cc100000,0x00000051cc200000) (1024K)]
  0x00000226ed99b700 JavaThread "Service Thread"             daemon [_thread_blocked, id=185108, stack(0x00000051cc200000,0x00000051cc300000) (1024K)]
  0x00000226ee330080 JavaThread "Monitor Deflation Thread"   daemon [_thread_blocked, id=178968, stack(0x00000051cc300000,0x00000051cc400000) (1024K)]
  0x00000226ee362a20 JavaThread "C2 CompilerThread0"         daemon [_thread_blocked, id=146964, stack(0x00000051cc400000,0x00000051cc500000) (1024K)]
  0x00000226ee3635f0 JavaThread "C1 CompilerThread0"         daemon [_thread_blocked, id=182824, stack(0x00000051cc500000,0x00000051cc600000) (1024K)]
  0x00000226ee634a90 JavaThread "Common-Cleaner"             daemon [_thread_blocked, id=144420, stack(0x00000051cc600000,0x00000051cc700000) (1024K)]
  0x00000226eea9f860 JavaThread "Monitor Ctrl-Break"         daemon [_thread_in_native, id=180764, stack(0x00000051cc700000,0x00000051cc800000) (1024K)]
  0x00000226eea9fed0 JavaThread "Notification Thread"        daemon [_thread_blocked, id=184372, stack(0x00000051cc800000,0x00000051cc900000) (1024K)]
  0x00000226f51f7680 JavaThread "Cleaner-0"                  daemon [_thread_blocked, id=184632, stack(0x00000051cd500000,0x00000051cd600000) (1024K)]
  0x00000226f51f7cf0 JavaThread "HikariPool-1:housekeeper"   daemon [_thread_blocked, id=183740, stack(0x00000051cd600000,0x00000051cd700000) (1024K)]
  0x00000226f6c6f060 JavaThread "Catalina-utility-1"                [_thread_blocked, id=182276, stack(0x00000051cd800000,0x00000051cd900000) (1024K)]
  0x00000226f31214b0 JavaThread "Catalina-utility-2"                [_thread_blocked, id=180172, stack(0x00000051cd900000,0x00000051cda00000) (1024K)]
  0x00000226f5bae010 JavaThread "container-0"                       [_thread_blocked, id=178612, stack(0x00000051cda00000,0x00000051cdb00000) (1024K)]
  0x00000226f71b3670 JavaThread "HttpClient-1-SelectorManager" daemon [_thread_in_native, id=174180, stack(0x00000051cdc00000,0x00000051cdd00000) (1024K)]
  0x00000226f71b2950 JavaThread "HttpClient-2-SelectorManager" daemon [_thread_in_native, id=150040, stack(0x00000051cd700000,0x00000051cd800000) (1024K)]
  0x00000226f71b22c0 JavaThread "telegram-polling-thread"    daemon [_thread_blocked, id=171756, stack(0x00000051cde00000,0x00000051cdf00000) (1024K)]
  0x00000226f71b2fe0 JavaThread "HttpClient-2-Worker-0"      daemon [_thread_blocked, id=170528, stack(0x00000051cdf00000,0x00000051ce000000) (1024K)]
  0x00000226f71b3d00 JavaThread "HttpClient-3-SelectorManager" daemon [_thread_in_native, id=183580, stack(0x00000051ce000000,0x00000051ce100000) (1024K)]
  0x00000226f71b15a0 JavaThread "HttpClient-4-SelectorManager" daemon [_thread_in_native, id=182288, stack(0x00000051ce100000,0x00000051ce200000) (1024K)]
  0x00000226f71b4390 JavaThread "HttpClient-5-SelectorManager" daemon [_thread_in_native, id=173872, stack(0x00000051ce200000,0x00000051ce300000) (1024K)]
  0x00000226f71b0f10 JavaThread "HttpClient-6-SelectorManager" daemon [_thread_in_native, id=183384, stack(0x00000051ce300000,0x00000051ce400000) (1024K)]
  0x00000226f5e35cc0 JavaThread "http-nio-8080-exec-1"       daemon [_thread_blocked, id=86792, stack(0x00000051ce500000,0x00000051ce600000) (1024K)]
  0x00000226f5e38420 JavaThread "http-nio-8080-exec-2"       daemon [_thread_blocked, id=168436, stack(0x00000051ce600000,0x00000051ce700000) (1024K)]
  0x00000226f5e36350 JavaThread "http-nio-8080-exec-3"       daemon [_thread_blocked, id=124796, stack(0x00000051ce700000,0x00000051ce800000) (1024K)]
  0x00000226f5e369e0 JavaThread "http-nio-8080-exec-4"       daemon [_thread_blocked, id=84480, stack(0x00000051ce800000,0x00000051ce900000) (1024K)]
  0x00000226f5e37d90 JavaThread "http-nio-8080-exec-5"       daemon [_thread_blocked, id=110160, stack(0x00000051ce900000,0x00000051cea00000) (1024K)]
  0x00000226f5e37070 JavaThread "http-nio-8080-exec-6"       daemon [_thread_blocked, id=132048, stack(0x00000051cea00000,0x00000051ceb00000) (1024K)]
  0x00000226f5e37700 JavaThread "http-nio-8080-exec-7"       daemon [_thread_blocked, id=124404, stack(0x00000051ceb00000,0x00000051cec00000) (1024K)]
  0x00000226f5e34fa0 JavaThread "http-nio-8080-exec-8"       daemon [_thread_blocked, id=183796, stack(0x00000051cec00000,0x00000051ced00000) (1024K)]
  0x00000226f5e38ab0 JavaThread "http-nio-8080-exec-9"       daemon [_thread_blocked, id=177780, stack(0x00000051ced00000,0x00000051cee00000) (1024K)]
  0x00000226f5e35630 JavaThread "http-nio-8080-exec-10"      daemon [_thread_blocked, id=170316, stack(0x00000051cee00000,0x00000051cef00000) (1024K)]
  0x00000226f5e3b8a0 JavaThread "http-nio-8080-Poller"       daemon [_thread_in_native, id=129012, stack(0x00000051cef00000,0x00000051cf000000) (1024K)]
  0x00000226f5e39140 JavaThread "http-nio-8080-Acceptor"     daemon [_thread_in_native, id=176404, stack(0x00000051cf000000,0x00000051cf100000) (1024K)]
  0x00000226f5e39e60 JavaThread "DestroyJavaVM"                     [_thread_blocked, id=167740, stack(0x00000051cb600000,0x00000051cb700000) (1024K)]
  0x00000226f5e3bf30 JavaThread "ForkJoinPool.commonPool-worker-1" daemon [_thread_blocked, id=185272, stack(0x00000051cf100000,0x00000051cf200000) (1024K)]
=>0x00000226f7669e00 JavaThread "C2 CompilerThread1"         daemon [_thread_in_native, id=180116, stack(0x00000051cb300000,0x00000051cb400000) (1024K)]
Total: 39

Other Threads:
  0x00000226ed975b70 VMThread "VM Thread"                           [id=73116, stack(0x00000051cbd00000,0x00000051cbe00000) (1024K)]
  0x00000226ed963350 WatcherThread "VM Periodic Task Thread"        [id=93124, stack(0x00000051cbc00000,0x00000051cbd00000) (1024K)]
  0x00000226ccf43be0 WorkerThread "GC Thread#0"                     [id=178028, stack(0x00000051cb700000,0x00000051cb800000) (1024K)]
  0x00000226eef08c20 WorkerThread "GC Thread#1"                     [id=168636, stack(0x00000051cc900000,0x00000051cca00000) (1024K)]
  0x00000226eef08fd0 WorkerThread "GC Thread#2"                     [id=167028, stack(0x00000051cca00000,0x00000051ccb00000) (1024K)]
  0x00000226eef09380 WorkerThread "GC Thread#3"                     [id=183872, stack(0x00000051ccb00000,0x00000051ccc00000) (1024K)]
  0x00000226eef09b30 WorkerThread "GC Thread#4"                     [id=170248, stack(0x00000051ccc00000,0x00000051ccd00000) (1024K)]
  0x00000226f3097850 WorkerThread "GC Thread#5"                     [id=184880, stack(0x00000051ccd00000,0x00000051cce00000) (1024K)]
  0x00000226f362b3d0 WorkerThread "GC Thread#6"                     [id=178756, stack(0x00000051ccf00000,0x00000051cd000000) (1024K)]
  0x00000226f3647be0 WorkerThread "GC Thread#7"                     [id=179480, stack(0x00000051cd000000,0x00000051cd100000) (1024K)]
  0x00000226f3647f90 WorkerThread "GC Thread#8"                     [id=184800, stack(0x00000051cd100000,0x00000051cd200000) (1024K)]
  0x00000226f3900180 WorkerThread "GC Thread#9"                     [id=184640, stack(0x00000051cd200000,0x00000051cd300000) (1024K)]
  0x00000226ccf557a0 ConcurrentGCThread "G1 Main Marker"            [id=177904, stack(0x00000051cb800000,0x00000051cb900000) (1024K)]
  0x00000226ccf56a50 WorkerThread "G1 Conc#0"                       [id=140220, stack(0x00000051cb900000,0x00000051cba00000) (1024K)]
  0x00000226f3ad3fc0 WorkerThread "G1 Conc#1"                       [id=184288, stack(0x00000051cd300000,0x00000051cd400000) (1024K)]
  0x00000226f391f190 WorkerThread "G1 Conc#2"                       [id=160036, stack(0x00000051cd400000,0x00000051cd500000) (1024K)]
  0x00000226ed8350a0 ConcurrentGCThread "G1 Refine#0"               [id=181332, stack(0x00000051cba00000,0x00000051cbb00000) (1024K)]
  0x00000226ed8378f0 ConcurrentGCThread "G1 Service"                [id=100708, stack(0x00000051cbb00000,0x00000051cbc00000) (1024K)]
Total: 18

Threads with active compile tasks:
C2 CompilerThread1   101641 11592       4       org.postgresql.jdbc.PgResultSet::getTimestampUtils (61 bytes)
Total: 1

VM state: not at safepoint (normal execution)

VM Mutex/Monitor currently owned by a thread: None

Heap address: 0x000000070ac00000, size: 3924 MB, Compressed Oops mode: Zero based, Oop shift amount: 3

CDS archive(s) mapped at: [0x0000022680000000-0x0000022680c90000-0x0000022680c90000), size 13172736, SharedBaseAddress: 0x0000022680000000, ArchiveRelocationMode: 1.
Compressed class space mapped at: 0x0000022681000000-0x00000226c1000000, reserved size: 1073741824
Narrow klass base: 0x0000022680000000, Narrow klass shift: 0, Narrow klass range: 0x100000000

GC Precious Log:
 CardTable entry size: 512
 Card Set container configuration: InlinePtr #cards 4 size 8 Array Of Cards #cards 16 size 48 Howl #buckets 8 coarsen threshold 3686 Howl Bitmap #cards 512 size 80 coarsen threshold 460 Card regions per heap region 1 cards per card region 4096
 CPUs: 12 total, 12 available
 Memory: 15690M
 Large Page Support: Disabled
 NUMA Support: Disabled
 Compressed Oops: Enabled (Zero based)
 Heap Region Size: 2M
 Heap Min Capacity: 8M
 Heap Initial Capacity: 246M
 Heap Max Capacity: 3924M
 Pre-touch: Disabled
 Parallel Workers: 10
 Concurrent Workers: 3
 Concurrent Refinement Workers: 10
 Periodic GC: Disabled

Heap:
 garbage-first heap   total 118784K, used 91030K [0x000000070ac00000, 0x0000000800000000)
  region size 2048K, 25 young (51200K), 3 survivors (6144K)
 Metaspace       used 106307K, committed 107200K, reserved 1179648K
  class space    used 14414K, committed 14848K, reserved 1048576K

Heap Regions: E=young(eden), S=young(survivor), O=old, HS=humongous(starts), HC=humongous(continues), CS=collection set, F=free, TAMS=top-at-mark-start, PB=parsable bottom
|   0|0x000000070ac00000, 0x000000070ae00000, 0x000000070ae00000|100%| O|  |TAMS 0x000000070ac00000| PB 0x000000070ac00000| Untracked 
|   1|0x000000070ae00000, 0x000000070b000000, 0x000000070b000000|100%| O|  |TAMS 0x000000070ae00000| PB 0x000000070ae00000| Untracked 
|   2|0x000000070b000000, 0x000000070b200000, 0x000000070b200000|100%| O|  |TAMS 0x000000070b000000| PB 0x000000070b000000| Untracked 
|   3|0x000000070b200000, 0x000000070b400000, 0x000000070b400000|100%| O|  |TAMS 0x000000070b200000| PB 0x000000070b200000| Untracked 
|   4|0x000000070b400000, 0x000000070b600000, 0x000000070b600000|100%| O|  |TAMS 0x000000070b400000| PB 0x000000070b400000| Untracked 
|   5|0x000000070b600000, 0x000000070b800000, 0x000000070b800000|100%| O|  |TAMS 0x000000070b600000| PB 0x000000070b600000| Untracked 
|   6|0x000000070b800000, 0x000000070ba00000, 0x000000070ba00000|100%| O|  |TAMS 0x000000070b800000| PB 0x000000070b800000| Untracked 
|   7|0x000000070ba00000, 0x000000070bc00000, 0x000000070bc00000|100%| O|  |TAMS 0x000000070ba00000| PB 0x000000070ba00000| Untracked 
|   8|0x000000070bc00000, 0x000000070be00000, 0x000000070be00000|100%| O|  |TAMS 0x000000070bc00000| PB 0x000000070bc00000| Untracked 
|   9|0x000000070be00000, 0x000000070c000000, 0x000000070c000000|100%| O|  |TAMS 0x000000070be00000| PB 0x000000070be00000| Untracked 
|  10|0x000000070c000000, 0x000000070c200000, 0x000000070c200000|100%| O|  |TAMS 0x000000070c000000| PB 0x000000070c000000| Untracked 
|  11|0x000000070c200000, 0x000000070c400000, 0x000000070c400000|100%| O|  |TAMS 0x000000070c200000| PB 0x000000070c200000| Untracked 
|  12|0x000000070c400000, 0x000000070c600000, 0x000000070c600000|100%| O|  |TAMS 0x000000070c400000| PB 0x000000070c400000| Untracked 
|  13|0x000000070c600000, 0x000000070c800000, 0x000000070c800000|100%| O|  |TAMS 0x000000070c600000| PB 0x000000070c600000| Untracked 
|  14|0x000000070c800000, 0x000000070ca00000, 0x000000070ca00000|100%| O|  |TAMS 0x000000070c800000| PB 0x000000070c800000| Untracked 
|  15|0x000000070ca00000, 0x000000070cc00000, 0x000000070cc00000|100%| O|  |TAMS 0x000000070ca00000| PB 0x000000070ca00000| Untracked 
|  16|0x000000070cc00000, 0x000000070ce00000, 0x000000070ce00000|100%| O|  |TAMS 0x000000070cc00000| PB 0x000000070cc00000| Untracked 
|  17|0x000000070ce00000, 0x000000070d000000, 0x000000070d000000|100%| O|  |TAMS 0x000000070ce00000| PB 0x000000070ce00000| Untracked 
|  18|0x000000070d000000, 0x000000070d200000, 0x000000070d200000|100%| O|  |TAMS 0x000000070d000000| PB 0x000000070d000000| Untracked 
|  19|0x000000070d200000, 0x000000070d400000, 0x000000070d400000|100%| O|Cm|TAMS 0x000000070d200000| PB 0x000000070d200000| Complete 
|  20|0x000000070d400000, 0x000000070d400000, 0x000000070d600000|  0%| F|  |TAMS 0x000000070d400000| PB 0x000000070d400000| Untracked 
|  21|0x000000070d600000, 0x000000070d600000, 0x000000070d800000|  0%| F|  |TAMS 0x000000070d600000| PB 0x000000070d600000| Untracked 
|  22|0x000000070d800000, 0x000000070d800000, 0x000000070da00000|  0%| F|  |TAMS 0x000000070d800000| PB 0x000000070d800000| Untracked 
|  23|0x000000070da00000, 0x000000070dc00000, 0x000000070dc00000|100%| O|  |TAMS 0x000000070da00000| PB 0x000000070da00000| Untracked 
|  24|0x000000070dc00000, 0x000000070dc00000, 0x000000070de00000|  0%| F|  |TAMS 0x000000070dc00000| PB 0x000000070dc00000| Untracked 
|  25|0x000000070de00000, 0x000000070e000000, 0x000000070e000000|100%| O|  |TAMS 0x000000070de00000| PB 0x000000070de00000| Untracked 
|  26|0x000000070e000000, 0x000000070e06a2d0, 0x000000070e200000| 20%| O|  |TAMS 0x000000070e000000| PB 0x000000070e000000| Untracked 
|  27|0x000000070e200000, 0x000000070e200000, 0x000000070e400000|  0%| F|  |TAMS 0x000000070e200000| PB 0x000000070e200000| Untracked 
|  28|0x000000070e400000, 0x000000070e47b5e0, 0x000000070e600000| 24%| S|CS|TAMS 0x000000070e400000| PB 0x000000070e400000| Complete 
|  29|0x000000070e600000, 0x000000070e800000, 0x000000070e800000|100%| S|CS|TAMS 0x000000070e600000| PB 0x000000070e600000| Complete 
|  30|0x000000070e800000, 0x000000070ea00000, 0x000000070ea00000|100%| S|CS|TAMS 0x000000070e800000| PB 0x000000070e800000| Complete 
|  31|0x000000070ea00000, 0x000000070ea00000, 0x000000070ec00000|  0%| F|  |TAMS 0x000000070ea00000| PB 0x000000070ea00000| Untracked 
|  32|0x000000070ec00000, 0x000000070ec00000, 0x000000070ee00000|  0%| F|  |TAMS 0x000000070ec00000| PB 0x000000070ec00000| Untracked 
|  33|0x000000070ee00000, 0x000000070ee00000, 0x000000070f000000|  0%| F|  |TAMS 0x000000070ee00000| PB 0x000000070ee00000| Untracked 
|  34|0x000000070f000000, 0x000000070f000000, 0x000000070f200000|  0%| F|  |TAMS 0x000000070f000000| PB 0x000000070f000000| Untracked 
|  35|0x000000070f200000, 0x000000070f200000, 0x000000070f400000|  0%| F|  |TAMS 0x000000070f200000| PB 0x000000070f200000| Untracked 
|  36|0x000000070f400000, 0x000000070f4eef28, 0x000000070f600000| 46%| E|  |TAMS 0x000000070f400000| PB 0x000000070f400000| Complete 
|  37|0x000000070f600000, 0x000000070f800000, 0x000000070f800000|100%| E|CS|TAMS 0x000000070f600000| PB 0x000000070f600000| Complete 
|  38|0x000000070f800000, 0x000000070fa00000, 0x000000070fa00000|100%| E|CS|TAMS 0x000000070f800000| PB 0x000000070f800000| Complete 
|  39|0x000000070fa00000, 0x000000070fc00000, 0x000000070fc00000|100%| E|CS|TAMS 0x000000070fa00000| PB 0x000000070fa00000| Complete 
|  40|0x000000070fc00000, 0x000000070fe00000, 0x000000070fe00000|100%| E|CS|TAMS 0x000000070fc00000| PB 0x000000070fc00000| Complete 
|  41|0x000000070fe00000, 0x0000000710000000, 0x0000000710000000|100%| E|CS|TAMS 0x000000070fe00000| PB 0x000000070fe00000| Complete 
|  42|0x0000000710000000, 0x0000000710200000, 0x0000000710200000|100%| E|CS|TAMS 0x0000000710000000| PB 0x0000000710000000| Complete 
|  43|0x0000000710200000, 0x0000000710400000, 0x0000000710400000|100%| E|  |TAMS 0x0000000710200000| PB 0x0000000710200000| Complete 
|  44|0x0000000710400000, 0x0000000710600000, 0x0000000710600000|100%| E|CS|TAMS 0x0000000710400000| PB 0x0000000710400000| Complete 
|  45|0x0000000710600000, 0x0000000710800000, 0x0000000710800000|100%| E|CS|TAMS 0x0000000710600000| PB 0x0000000710600000| Complete 
|  46|0x0000000710800000, 0x0000000710a00000, 0x0000000710a00000|100%| E|CS|TAMS 0x0000000710800000| PB 0x0000000710800000| Complete 
|  47|0x0000000710a00000, 0x0000000710c00000, 0x0000000710c00000|100%| E|CS|TAMS 0x0000000710a00000| PB 0x0000000710a00000| Complete 
|  48|0x0000000710c00000, 0x0000000710e00000, 0x0000000710e00000|100%| E|CS|TAMS 0x0000000710c00000| PB 0x0000000710c00000| Complete 
|  49|0x0000000710e00000, 0x0000000711000000, 0x0000000711000000|100%| E|CS|TAMS 0x0000000710e00000| PB 0x0000000710e00000| Complete 
|  50|0x0000000711000000, 0x0000000711200000, 0x0000000711200000|100%| E|CS|TAMS 0x0000000711000000| PB 0x0000000711000000| Complete 
|  51|0x0000000711200000, 0x0000000711400000, 0x0000000711400000|100%| E|CS|TAMS 0x0000000711200000| PB 0x0000000711200000| Complete 
|  52|0x0000000711400000, 0x0000000711600000, 0x0000000711600000|100%| E|CS|TAMS 0x0000000711400000| PB 0x0000000711400000| Complete 
|  95|0x0000000716a00000, 0x0000000716c00000, 0x0000000716c00000|100%| E|CS|TAMS 0x0000000716a00000| PB 0x0000000716a00000| Complete 
|  96|0x0000000716c00000, 0x0000000716e00000, 0x0000000716e00000|100%| E|CS|TAMS 0x0000000716c00000| PB 0x0000000716c00000| Complete 
|  97|0x0000000716e00000, 0x0000000717000000, 0x0000000717000000|100%| E|CS|TAMS 0x0000000716e00000| PB 0x0000000716e00000| Complete 
|  98|0x0000000717000000, 0x0000000717200000, 0x0000000717200000|100%| E|CS|TAMS 0x0000000717000000| PB 0x0000000717000000| Complete 
| 122|0x000000071a000000, 0x000000071a200000, 0x000000071a200000|100%| E|CS|TAMS 0x000000071a000000| PB 0x000000071a000000| Complete 

Card table byte_map: [0x00000226e7080000,0x00000226e7830000] _byte_map_base: 0x00000226e382a000

Marking Bits: (CMBitMap*) 0x00000226ccf44b00
 Bits: [0x00000226e7830000, 0x00000226eb580000)

Polling page: 0x00000226cd1a0000

Metaspace:

Usage:
  Non-class:     89.74 MB used.
      Class:     14.08 MB used.
       Both:    103.82 MB used.

Virtual space:
  Non-class space:      128.00 MB reserved,      90.19 MB ( 70%) committed,  2 nodes.
      Class space:        1.00 GB reserved,      14.50 MB (  1%) committed,  1 nodes.
             Both:        1.12 GB reserved,     104.69 MB (  9%) committed. 

Chunk freelists:
   Non-Class:  5.07 MB
       Class:  1.56 MB
        Both:  6.63 MB

MaxMetaspaceSize: unlimited
CompressedClassSpaceSize: 1.00 GB
Initial GC threshold: 21.00 MB
Current GC threshold: 159.81 MB
CDS: on
 - commit_granule_bytes: 65536.
 - commit_granule_words: 8192.
 - virtual_space_node_default_size: 8388608.
 - enlarge_chunks_in_place: 1.
 - use_allocation_guard: 0.


Internal statistics:

num_allocs_failed_limit: 9.
num_arena_births: 1432.
num_arena_deaths: 0.
num_vsnodes_births: 3.
num_vsnodes_deaths: 0.
num_space_committed: 1675.
num_space_uncommitted: 0.
num_chunks_returned_to_freelist: 9.
num_chunks_taken_from_freelist: 5292.
num_chunk_merges: 6.
num_chunk_splits: 3836.
num_chunks_enlarged: 3008.
num_inconsistent_stats: 0.

CodeHeap 'non-profiled nmethods': size=120000Kb used=5829Kb max_used=5829Kb free=114170Kb
 bounds [0x00000226de710000, 0x00000226decd0000, 0x00000226e5c40000]
CodeHeap 'profiled nmethods': size=120000Kb used=18712Kb max_used=18712Kb free=101287Kb
 bounds [0x00000226d6c40000, 0x00000226d7e90000, 0x00000226de170000]
CodeHeap 'non-nmethods': size=5760Kb used=1813Kb max_used=1849Kb free=3947Kb
 bounds [0x00000226de170000, 0x00000226de3e0000, 0x00000226de710000]
 total_blobs=11057 nmethods=10248 adapters=712
 compilation: enabled
              stopped_count=0, restarted_count=0
 full_count=0

Compilation events (20 events):
Event: 101.599 Thread 0x00000226ee362a20 nmethod 11586 0x00000226decbf490 code [0x00000226decbf6a0, 0x00000226decbfcd8]
Event: 101.599 Thread 0x00000226ee3635f0 nmethod 11597 0x00000226d7e76c10 code [0x00000226d7e76f00, 0x00000226d7e780d8]
Event: 101.599 Thread 0x00000226ee3635f0 11602       3       org.hibernate.engine.spi.LoadQueryInfluencers::hasSubselectLoadableCollections (39 bytes)
Event: 101.599 Thread 0x00000226ee3635f0 nmethod 11602 0x00000226d7e78690 code [0x00000226d7e78860, 0x00000226d7e78c48]
Event: 101.599 Thread 0x00000226ee3635f0 11600       3       org.hibernate.type.descriptor.java.BigDecimalJavaType::wrap (7 bytes)
Event: 101.599 Thread 0x00000226ee3635f0 nmethod 11600 0x00000226d7e78d90 code [0x00000226d7e78f40, 0x00000226d7e79080]
Event: 101.599 Thread 0x00000226ee3635f0 11601       3       org.hibernate.type.descriptor.java.BigDecimalJavaType::wrap (91 bytes)
Event: 101.601 Thread 0x00000226ee3635f0 nmethod 11601 0x00000226d7e79110 code [0x00000226d7e79500, 0x00000226d7e7b370]
Event: 101.601 Thread 0x00000226ee3635f0 11598       3       java.lang.invoke.LambdaForm$MH/0x0000022681e61400::invoke (63 bytes)
Event: 101.601 Thread 0x00000226ee362a20 11604       4       java.lang.invoke.DirectMethodHandle$Holder::invokeVirtual (14 bytes)
Event: 101.602 Thread 0x00000226ee3635f0 nmethod 11598 0x00000226d7e7bb90 code [0x00000226d7e7be80, 0x00000226d7e7d058]
Event: 101.602 Thread 0x00000226ee3635f0 11599       3       java.lang.invoke.LambdaForm$MH/0x0000022681e60800::invoke (63 bytes)
Event: 101.602 Thread 0x00000226ee362a20 nmethod 11604 0x00000226decc0310 code [0x00000226decc04a0, 0x00000226decc0580]
Event: 101.603 Thread 0x00000226ee3635f0 nmethod 11599 0x00000226d7e7d610 code [0x00000226d7e7d900, 0x00000226d7e7ead8]
Event: 101.603 Thread 0x00000226ee3635f0 11605       3       java.nio.charset.CharsetEncoder::flush (49 bytes)
Event: 101.604 Thread 0x00000226ee3635f0 nmethod 11605 0x00000226d7e7f090 code [0x00000226d7e7f260, 0x00000226d7e7f640]
Event: 101.604 Thread 0x00000226ee3635f0 11606       3       java.nio.charset.CharsetEncoder::implFlush (4 bytes)
Event: 101.604 Thread 0x00000226ee3635f0 nmethod 11606 0x00000226d7e7f790 code [0x00000226d7e7f920, 0x00000226d7e7fa38]
Event: 101.604 Thread 0x00000226ee3635f0 11607       3       java.nio.charset.CharsetEncoder::encode (152 bytes)
Event: 101.605 Thread 0x00000226ee3635f0 nmethod 11607 0x00000226d7e7fb10 code [0x00000226d7e7fe00, 0x00000226d7e80ec0]

GC Heap History (20 events):
Event: 6.247 GC heap before
{Heap before GC invocations=12 (full 0):
 garbage-first heap   total 98304K, used 84144K [0x000000070ac00000, 0x0000000800000000)
  region size 2048K, 28 young (57344K), 2 survivors (4096K)
 Metaspace       used 69564K, committed 70208K, reserved 1114112K
  class space    used 9248K, committed 9536K, reserved 1048576K
}
Event: 6.256 GC heap after
{Heap after GC invocations=13 (full 0):
 garbage-first heap   total 98304K, used 32761K [0x000000070ac00000, 0x0000000800000000)
  region size 2048K, 3 young (6144K), 3 survivors (6144K)
 Metaspace       used 69564K, committed 70208K, reserved 1114112K
  class space    used 9248K, committed 9536K, reserved 1048576K
}
Event: 7.872 GC heap before
{Heap before GC invocations=13 (full 0):
 garbage-first heap   total 98304K, used 81913K [0x000000070ac00000, 0x0000000800000000)
  region size 2048K, 28 young (57344K), 3 survivors (6144K)
 Metaspace       used 78199K, committed 78912K, reserved 1179648K
  class space    used 10556K, committed 10880K, reserved 1048576K
}
Event: 7.878 GC heap after
{Heap after GC invocations=14 (full 0):
 garbage-first heap   total 98304K, used 36111K [0x000000070ac00000, 0x0000000800000000)
  region size 2048K, 4 young (8192K), 4 survivors (8192K)
 Metaspace       used 78199K, committed 78912K, reserved 1179648K
  class space    used 10556K, committed 10880K, reserved 1048576K
}
Event: 8.896 GC heap before
{Heap before GC invocations=14 (full 0):
 garbage-first heap   total 98304K, used 79119K [0x000000070ac00000, 0x0000000800000000)
  region size 2048K, 26 young (53248K), 4 survivors (8192K)
 Metaspace       used 82636K, committed 83328K, reserved 1179648K
  class space    used 11362K, committed 11712K, reserved 1048576K
}
Event: 8.901 GC heap after
{Heap after GC invocations=15 (full 0):
 garbage-first heap   total 98304K, used 38653K [0x000000070ac00000, 0x0000000800000000)
  region size 2048K, 4 young (8192K), 4 survivors (8192K)
 Metaspace       used 82636K, committed 83328K, reserved 1179648K
  class space    used 11362K, committed 11712K, reserved 1048576K
}
Event: 9.178 GC heap before
{Heap before GC invocations=15 (full 0):
 garbage-first heap   total 98304K, used 81661K [0x000000070ac00000, 0x0000000800000000)
  region size 2048K, 25 young (51200K), 4 survivors (8192K)
 Metaspace       used 82910K, committed 83584K, reserved 1179648K
  class space    used 11386K, committed 11712K, reserved 1048576K
}
Event: 9.183 GC heap after
{Heap after GC invocations=16 (full 0):
 garbage-first heap   total 98304K, used 42485K [0x000000070ac00000, 0x0000000800000000)
  region size 2048K, 4 young (8192K), 4 survivors (8192K)
 Metaspace       used 82910K, committed 83584K, reserved 1179648K
  class space    used 11386K, committed 11712K, reserved 1048576K
}
Event: 9.286 GC heap before
{Heap before GC invocations=17 (full 0):
 garbage-first heap   total 98304K, used 81397K [0x000000070ac00000, 0x0000000800000000)
  region size 2048K, 23 young (47104K), 4 survivors (8192K)
 Metaspace       used 82917K, committed 83584K, reserved 1179648K
  class space    used 11393K, committed 11712K, reserved 1048576K
}
Event: 9.288 GC heap after
{Heap after GC invocations=18 (full 0):
 garbage-first heap   total 98304K, used 40332K [0x000000070ac00000, 0x0000000800000000)
  region size 2048K, 1 young (2048K), 1 survivors (2048K)
 Metaspace       used 82917K, committed 83584K, reserved 1179648K
  class space    used 11393K, committed 11712K, reserved 1048576K
}
Event: 9.370 GC heap before
{Heap before GC invocations=18 (full 0):
 garbage-first heap   total 98304K, used 85388K [0x000000070ac00000, 0x0000000800000000)
  region size 2048K, 23 young (47104K), 1 survivors (2048K)
 Metaspace       used 82919K, committed 83584K, reserved 1179648K
  class space    used 11393K, committed 11712K, reserved 1048576K
}
Event: 9.372 GC heap after
{Heap after GC invocations=19 (full 0):
 garbage-first heap   total 98304K, used 39992K [0x000000070ac00000, 0x0000000800000000)
  region size 2048K, 1 young (2048K), 1 survivors (2048K)
 Metaspace       used 82919K, committed 83584K, reserved 1179648K
  class space    used 11393K, committed 11712K, reserved 1048576K
}
Event: 9.523 GC heap before
{Heap before GC invocations=19 (full 0):
 garbage-first heap   total 98304K, used 89144K [0x000000070ac00000, 0x0000000800000000)
  region size 2048K, 25 young (51200K), 1 survivors (2048K)
 Metaspace       used 82919K, committed 83584K, reserved 1179648K
  class space    used 11393K, committed 11712K, reserved 1048576K
}
Event: 9.525 GC heap after
{Heap after GC invocations=20 (full 0):
 garbage-first heap   total 98304K, used 40062K [0x000000070ac00000, 0x0000000800000000)
  region size 2048K, 1 young (2048K), 1 survivors (2048K)
 Metaspace       used 82919K, committed 83584K, reserved 1179648K
  class space    used 11393K, committed 11712K, reserved 1048576K
}
Event: 9.713 GC heap before
{Heap before GC invocations=21 (full 0):
 garbage-first heap   total 98304K, used 89214K [0x000000070ac00000, 0x0000000800000000)
  region size 2048K, 25 young (51200K), 1 survivors (2048K)
 Metaspace       used 82938K, committed 83648K, reserved 1179648K
  class space    used 11401K, committed 11712K, reserved 1048576K
}
Event: 9.715 GC heap after
{Heap after GC invocations=22 (full 0):
 garbage-first heap   total 118784K, used 40376K [0x000000070ac00000, 0x0000000800000000)
  region size 2048K, 1 young (2048K), 1 survivors (2048K)
 Metaspace       used 82938K, committed 83648K, reserved 1179648K
  class space    used 11401K, committed 11712K, reserved 1048576K
}
Event: 10.877 GC heap before
{Heap before GC invocations=22 (full 0):
 garbage-first heap   total 118784K, used 107960K [0x000000070ac00000, 0x0000000800000000)
  region size 2048K, 34 young (69632K), 1 survivors (2048K)
 Metaspace       used 89545K, committed 90304K, reserved 1179648K
  class space    used 12124K, committed 12480K, reserved 1048576K
}
Event: 10.883 GC heap after
{Heap after GC invocations=23 (full 0):
 garbage-first heap   total 118784K, used 45689K [0x000000070ac00000, 0x0000000800000000)
  region size 2048K, 4 young (8192K), 4 survivors (8192K)
 Metaspace       used 89545K, committed 90304K, reserved 1179648K
  class space    used 12124K, committed 12480K, reserved 1048576K
}
Event: 11.936 GC heap before
{Heap before GC invocations=23 (full 0):
 garbage-first heap   total 118784K, used 98937K [0x000000070ac00000, 0x0000000800000000)
  region size 2048K, 31 young (63488K), 4 survivors (8192K)
 Metaspace       used 97202K, committed 97984K, reserved 1179648K
  class space    used 13206K, committed 13568K, reserved 1048576K
}
Event: 11.942 GC heap after
{Heap after GC invocations=24 (full 0):
 garbage-first heap   total 118784K, used 50070K [0x000000070ac00000, 0x0000000800000000)
  region size 2048K, 3 young (6144K), 3 survivors (6144K)
 Metaspace       used 97202K, committed 97984K, reserved 1179648K
  class space    used 13206K, committed 13568K, reserved 1048576K
}

Dll operation events (12 events):
Event: 0.012 Loaded shared library C:\Program Files\Java\jdk-21.0.10\bin\java.dll
Event: 0.040 Loaded shared library C:\Program Files\Java\jdk-21.0.10\bin\jsvml.dll
Event: 0.168 Loaded shared library C:\Program Files\Java\jdk-21.0.10\bin\zip.dll
Event: 0.173 Loaded shared library C:\Program Files\Java\jdk-21.0.10\bin\instrument.dll
Event: 0.178 Loaded shared library C:\Program Files\Java\jdk-21.0.10\bin\net.dll
Event: 0.180 Loaded shared library C:\Program Files\Java\jdk-21.0.10\bin\nio.dll
Event: 0.184 Loaded shared library C:\Program Files\Java\jdk-21.0.10\bin\zip.dll
Event: 0.464 Loaded shared library C:\Program Files\Java\jdk-21.0.10\bin\extnet.dll
Event: 0.485 Loaded shared library C:\Program Files\Java\jdk-21.0.10\bin\jimage.dll
Event: 1.551 Loaded shared library C:\Program Files\Java\jdk-21.0.10\bin\sunmscapi.dll
Event: 3.379 Loaded shared library C:\Program Files\Java\jdk-21.0.10\bin\management.dll
Event: 3.389 Loaded shared library C:\Program Files\Java\jdk-21.0.10\bin\management_ext.dll

Deoptimization events (20 events):
Event: 72.450 Thread 0x00000226f71b22c0 Uncommon trap: trap_request=0xffffffc6 fr.pc=0x00000226dec69ad8 relative=0x0000000000000178
Event: 72.450 Thread 0x00000226f71b22c0 Uncommon trap: reason=bimorphic_or_optimized_type_check action=maybe_recompile pc=0x00000226dec69ad8 method=java.util.regex.Pattern.lambda$negate$7(Ljava/util/regex/Pattern$CharPredicate;I)Z @ 2 c2
Event: 72.450 Thread 0x00000226f71b22c0 DEOPT PACKING pc=0x00000226dec69ad8 sp=0x00000051cdefeda0
Event: 72.450 Thread 0x00000226f71b22c0 DEOPT UNPACKING pc=0x00000226de1c46a2 sp=0x00000051cdefecc0 mode 2
Event: 101.549 Thread 0x00000226f5e369e0 DEOPT PACKING pc=0x00000226d7c18905 sp=0x00000051ce8f8bc0
Event: 101.549 Thread 0x00000226f5e369e0 DEOPT UNPACKING pc=0x00000226de1c4e42 sp=0x00000051ce8f8050 mode 0
Event: 101.572 Thread 0x00000226f5e34fa0 Uncommon trap: trap_request=0xffffffc6 fr.pc=0x00000226de9accc8 relative=0x0000000000000a08
Event: 101.572 Thread 0x00000226f5e34fa0 Uncommon trap: reason=bimorphic_or_optimized_type_check action=maybe_recompile pc=0x00000226de9accc8 method=java.security.MessageDigest$Delegate.engineUpdate([BII)V @ 7 c2
Event: 101.572 Thread 0x00000226f5e34fa0 DEOPT PACKING pc=0x00000226de9accc8 sp=0x00000051cecfc710
Event: 101.572 Thread 0x00000226f5e34fa0 DEOPT UNPACKING pc=0x00000226de1c46a2 sp=0x00000051cecfc670 mode 2
Event: 101.576 Thread 0x00000226f5e34fa0 Uncommon trap: trap_request=0xffffffc6 fr.pc=0x00000226de9accc8 relative=0x0000000000000a08
Event: 101.576 Thread 0x00000226f5e34fa0 Uncommon trap: reason=bimorphic_or_optimized_type_check action=maybe_recompile pc=0x00000226de9accc8 method=java.security.MessageDigest$Delegate.engineUpdate([BII)V @ 7 c2
Event: 101.576 Thread 0x00000226f5e34fa0 DEOPT PACKING pc=0x00000226de9accc8 sp=0x00000051cecfc6a0
Event: 101.576 Thread 0x00000226f5e34fa0 DEOPT UNPACKING pc=0x00000226de1c46a2 sp=0x00000051cecfc600 mode 2
Event: 101.577 Thread 0x00000226f5e34fa0 Uncommon trap: trap_request=0xffffffc6 fr.pc=0x00000226de9accc8 relative=0x0000000000000a08
Event: 101.577 Thread 0x00000226f5e34fa0 Uncommon trap: reason=bimorphic_or_optimized_type_check action=maybe_recompile pc=0x00000226de9accc8 method=java.security.MessageDigest$Delegate.engineUpdate([BII)V @ 7 c2
Event: 101.577 Thread 0x00000226f5e34fa0 DEOPT PACKING pc=0x00000226de9accc8 sp=0x00000051cecfc640
Event: 101.577 Thread 0x00000226f5e34fa0 DEOPT UNPACKING pc=0x00000226de1c46a2 sp=0x00000051cecfc5a0 mode 2
Event: 101.577 Thread 0x00000226f5e34fa0 DEOPT PACKING pc=0x00000226d7b87328 sp=0x00000051cecfc490
Event: 101.577 Thread 0x00000226f5e34fa0 DEOPT UNPACKING pc=0x00000226de1c4e42 sp=0x00000051cecfb930 mode 0

Classes loaded (20 events):
Event: 54.029 Loading class java/util/zip/DeflaterOutputStream
Event: 54.029 Loading class java/util/zip/DeflaterOutputStream done
Event: 54.033 Loading class java/util/zip/GZIPOutputStream
Event: 54.033 Loading class java/util/zip/GZIPOutputStream done
Event: 54.119 Loading class sun/nio/cs/US_ASCII$Encoder
Event: 54.119 Loading class sun/nio/cs/US_ASCII$Encoder done
Event: 54.122 Loading class com/sun/crypto/provider/HmacCore$HmacSHA512
Event: 54.122 Loading class com/sun/crypto/provider/HmacCore$HmacSHA512 done
Event: 54.154 Loading class java/util/function/DoubleUnaryOperator
Event: 54.154 Loading class java/util/function/DoubleUnaryOperator done
Event: 54.294 Loading class jdk/internal/reflect/MethodHandleBooleanFieldAccessorImpl
Event: 54.294 Loading class jdk/internal/reflect/MethodHandleBooleanFieldAccessorImpl done
Event: 54.408 Loading class java/util/stream/DoubleStream
Event: 54.409 Loading class java/util/stream/DoubleStream done
Event: 54.412 Loading class org/w3c/dom/Node
Event: 54.412 Loading class org/w3c/dom/Node done
Event: 54.412 Loading class org/w3c/dom/Document
Event: 54.412 Loading class org/w3c/dom/Document done
Event: 55.442 Loading class java/math/BigDecimal$StringBuilderHelper
Event: 55.443 Loading class java/math/BigDecimal$StringBuilderHelper done

Classes unloaded (0 events):
No events

Classes redefined (0 events):
No events

Internal exceptions (20 events):
Event: 53.885 Thread 0x00000226f5e369e0 Exception <a 'java/lang/NoSuchMethodError'{0x0000000711241788}: 'java.lang.Object java.lang.invoke.Invokers$Holder.linkToTargetMethod(java.lang.Object, java.lang.Object, java.lang.Object, long, java.lang.Object)'> (0x0000000711241788) 
thrown [s\open\src\hotspot\share\interpreter\linkResolver.cpp, line 773]
Event: 54.155 Thread 0x00000226f5e37d90 Exception <a 'java/lang/NoSuchMethodError'{0x0000000710add2c8}: 'double java.lang.invoke.DirectMethodHandle$Holder.invokeStatic(java.lang.Object, double)'> (0x0000000710add2c8) 
thrown [s\open\src\hotspot\share\interpreter\linkResolver.cpp, line 773]
Event: 54.156 Thread 0x00000226f5e37d90 Exception <a 'java/lang/NoSuchMethodError'{0x0000000710ae2870}: 'double java.lang.invoke.DirectMethodHandle$Holder.invokeStaticInit(java.lang.Object, double)'> (0x0000000710ae2870) 
thrown [s\open\src\hotspot\share\interpreter\linkResolver.cpp, line 773]
Event: 54.241 Thread 0x00000226f5e37700 Exception <a 'java/lang/NoSuchMethodError'{0x00000007107e9650}: 'void java.lang.invoke.DirectMethodHandle$Holder.invokeStatic(java.lang.Object, java.lang.Object, int, int, java.lang.Object)'> (0x00000007107e9650) 
thrown [s\open\src\hotspot\share\interpreter\linkResolver.cpp, line 773]
Event: 54.241 Thread 0x00000226f5e37d90 Exception <a 'java/lang/NoSuchMethodError'{0x000000071076b2a8}: 'void java.lang.invoke.DirectMethodHandle$Holder.invokeStatic(java.lang.Object, java.lang.Object, int, int, java.lang.Object)'> (0x000000071076b2a8) 
thrown [s\open\src\hotspot\share\interpreter\linkResolver.cpp, line 773]
Event: 54.241 Thread 0x00000226f5e37070 Exception <a 'java/lang/NoSuchMethodError'{0x00000007107d6580}: 'void java.lang.invoke.DirectMethodHandle$Holder.invokeStatic(java.lang.Object, java.lang.Object, int, int, java.lang.Object)'> (0x00000007107d6580) 
thrown [s\open\src\hotspot\share\interpreter\linkResolver.cpp, line 773]
Event: 54.244 Thread 0x00000226f5e37d90 Exception <a 'java/lang/NoSuchMethodError'{0x000000071077b030}: 'void java.lang.invoke.DirectMethodHandle$Holder.invokeSpecialIFC(java.lang.Object, java.lang.Object, int, java.lang.Object, java.lang.Object, java.lang.Object, java.lang.Object)'> (0x000000071077b030) 
thrown [s\open\src\hotspot\share\interpreter\linkResolver.cpp, line 773]
Event: 54.244 Thread 0x00000226f5e37070 Exception <a 'java/lang/NoSuchMethodError'{0x0000000710402650}: 'void java.lang.invoke.DirectMethodHandle$Holder.invokeSpecialIFC(java.lang.Object, java.lang.Object, int, java.lang.Object, java.lang.Object, java.lang.Object, java.lang.Object)'> (0x0000000710402650) 
thrown [s\open\src\hotspot\share\interpreter\linkResolver.cpp, line 773]
Event: 54.244 Thread 0x00000226f5e37700 Exception <a 'java/lang/NoSuchMethodError'{0x00000007107ffbf0}: 'void java.lang.invoke.DirectMethodHandle$Holder.invokeSpecialIFC(java.lang.Object, java.lang.Object, int, java.lang.Object, java.lang.Object, java.lang.Object, java.lang.Object)'> (0x00000007107ffbf0) 
thrown [s\open\src\hotspot\share\interpreter\linkResolver.cpp, line 773]
Event: 54.274 Thread 0x00000226f5e37700 Exception <a 'java/lang/IncompatibleClassChangeError'{0x0000000710513b60}: Found class java.lang.Object, but interface was expected> (0x0000000710513b60) 
thrown [s\open\src\hotspot\share\interpreter\linkResolver.cpp, line 840]
Event: 54.274 Thread 0x00000226f5e37d90 Exception <a 'java/lang/IncompatibleClassChangeError'{0x0000000710480d80}: Found class java.lang.Object, but interface was expected> (0x0000000710480d80) 
thrown [s\open\src\hotspot\share\interpreter\linkResolver.cpp, line 840]
Event: 54.274 Thread 0x00000226f5e37070 Exception <a 'java/lang/IncompatibleClassChangeError'{0x0000000710537358}: Found class java.lang.Object, but interface was expected> (0x0000000710537358) 
thrown [s\open\src\hotspot\share\interpreter\linkResolver.cpp, line 840]
Event: 54.295 Thread 0x00000226f5e37070 Exception <a 'java/lang/NoSuchMethodError'{0x000000071054cdb8}: 'void java.lang.invoke.Invokers$Holder.invokeExact_MT(java.lang.Object, java.lang.Object, int, java.lang.Object)'> (0x000000071054cdb8) 
thrown [s\open\src\hotspot\share\interpreter\linkResolver.cpp, line 773]
Event: 54.295 Thread 0x00000226f5e37700 Exception <a 'java/lang/NoSuchMethodError'{0x00000007105277b8}: 'void java.lang.invoke.Invokers$Holder.invokeExact_MT(java.lang.Object, java.lang.Object, int, java.lang.Object)'> (0x00000007105277b8) 
thrown [s\open\src\hotspot\share\interpreter\linkResolver.cpp, line 773]
Event: 54.295 Thread 0x00000226f5e37d90 Exception <a 'java/lang/NoSuchMethodError'{0x0000000710577808}: 'void java.lang.invoke.Invokers$Holder.invokeExact_MT(java.lang.Object, java.lang.Object, int, java.lang.Object)'> (0x0000000710577808) 
thrown [s\open\src\hotspot\share\interpreter\linkResolver.cpp, line 773]
Event: 54.345 Thread 0x00000226f5e37700 Exception <a 'java/lang/IncompatibleClassChangeError'{0x00000007102b5778}: Found class java.lang.Object, but interface was expected> (0x00000007102b5778) 
thrown [s\open\src\hotspot\share\interpreter\linkResolver.cpp, line 840]
Event: 54.345 Thread 0x00000226f5e37d90 Exception <a 'java/lang/IncompatibleClassChangeError'{0x00000007103390e8}: Found class java.lang.Object, but interface was expected> (0x00000007103390e8) 
thrown [s\open\src\hotspot\share\interpreter\linkResolver.cpp, line 840]
Event: 54.345 Thread 0x00000226f5e37070 Exception <a 'java/lang/IncompatibleClassChangeError'{0x00000007103559c0}: Found class java.lang.Object, but interface was expected> (0x00000007103559c0) 
thrown [s\open\src\hotspot\share\interpreter\linkResolver.cpp, line 840]
Event: 54.346 Thread 0x00000226f5e37d90 Exception <a 'java/lang/NoSuchMethodError'{0x0000000710344838}: 'java.lang.Object java.lang.invoke.DirectMethodHandle$Holder.invokeInterface(java.lang.Object, java.lang.Object, java.lang.Object, java.lang.Object, java.lang.Object)'> (0x0000000710344838) 
thrown [s\open\src\hotspot\share\interpreter\linkResolver.cpp, line 773]
Event: 54.392 Thread 0x00000226f5e37070 Exception <a 'java/lang/IncompatibleClassChangeError'{0x00000007101ee368}: Found class java.lang.Object, but interface was expected> (0x00000007101ee368) 
thrown [s\open\src\hotspot\share\interpreter\linkResolver.cpp, line 840]

ZGC Phase Switch (0 events):
No events

VM Operations (20 events):
Event: 54.379 Executing VM operation: HandshakeAllThreads (Deoptimize)
Event: 54.379 Executing VM operation: HandshakeAllThreads (Deoptimize) done
Event: 54.456 Executing VM operation: ICBufferFull
Event: 54.456 Executing VM operation: ICBufferFull done
Event: 55.462 Executing VM operation: Cleanup
Event: 55.463 Executing VM operation: Cleanup done
Event: 56.464 Executing VM operation: Cleanup
Event: 56.464 Executing VM operation: Cleanup done
Event: 60.098 Executing VM operation: HandshakeAllThreads (HandshakeForDeflation)
Event: 60.098 Executing VM operation: HandshakeAllThreads (HandshakeForDeflation) done
Event: 60.098 Executing VM operation: RendezvousGCThreads
Event: 60.098 Executing VM operation: RendezvousGCThreads done
Event: 68.151 Executing VM operation: Cleanup
Event: 68.151 Executing VM operation: Cleanup done
Event: 69.161 Executing VM operation: Cleanup
Event: 69.161 Executing VM operation: Cleanup done
Event: 72.179 Executing VM operation: Cleanup
Event: 72.179 Executing VM operation: Cleanup done
Event: 73.186 Executing VM operation: Cleanup
Event: 73.186 Executing VM operation: Cleanup done

Events (20 events):
Event: 11.976 Thread 0x00000226ed975b70 flushing nmethod 0x00000226d743e510
Event: 11.976 Thread 0x00000226ed975b70 flushing nmethod 0x00000226d7927a90
Event: 11.976 Thread 0x00000226ed975b70 flushing nmethod 0x00000226d7929610
Event: 11.976 Thread 0x00000226ed975b70 flushing nmethod 0x00000226d792a510
Event: 11.976 Thread 0x00000226ed975b70 flushing nmethod 0x00000226d799aa10
Event: 12.115 Thread 0x00000226ccedd2a0 Thread exited: 0x00000226ccedd2a0
Event: 12.116 Thread 0x00000226f5e39e60 Thread added: 0x00000226f5e39e60
Event: 14.956 Thread 0x00000226f71c4d10 Thread exited: 0x00000226f71c4d10
Event: 16.958 Thread 0x00000226f303f940 Thread exited: 0x00000226f303f940
Event: 42.204 Thread 0x00000226f5e3bf30 Thread added: 0x00000226f5e3bf30
Event: 54.248 Thread 0x00000226f5e3a4f0 Thread added: 0x00000226f5e3a4f0
Event: 59.263 Thread 0x00000226f5e3a4f0 Thread exited: 0x00000226f5e3a4f0
Event: 68.746 Thread 0x00000226f502c530 Thread added: 0x00000226f502c530
Event: 68.955 Thread 0x00000226f502c530 Thread exited: 0x00000226f502c530
Event: 71.287 Thread 0x00000226f71b1c30 Thread exited: 0x00000226f71b1c30
Event: 71.870 Thread 0x00000226f5e3c5c0 Thread added: 0x00000226f5e3c5c0
Event: 71.876 Thread 0x00000226fc749660 Thread added: 0x00000226fc749660
Event: 72.256 Thread 0x00000226fc749660 Thread exited: 0x00000226fc749660
Event: 76.885 Thread 0x00000226f5e3c5c0 Thread exited: 0x00000226f5e3c5c0
Event: 101.494 Thread 0x00000226f7669e00 Thread added: 0x00000226f7669e00


Dynamic libraries:
0x00007ff6d40b0000 - 0x00007ff6d40c0000 	C:\Program Files\Java\jdk-21.0.10\bin\java.exe
0x00007ffa67160000 - 0x00007ffa673c7000 	C:\WINDOWS\SYSTEM32\ntdll.dll
0x00007ffa66250000 - 0x00007ffa6631b000 	C:\WINDOWS\System32\KERNEL32.DLL
0x00007ffa64a70000 - 0x00007ffa64e72000 	C:\WINDOWS\System32\KERNELBASE.dll
0x00007ffa64880000 - 0x00007ffa649cc000 	C:\WINDOWS\System32\ucrtbase.dll
0x00007ffa0c300000 - 0x00007ffa0c31e000 	C:\Program Files\Java\jdk-21.0.10\bin\VCRUNTIME140.dll
0x00007ffa0da10000 - 0x00007ffa0da29000 	C:\Program Files\Java\jdk-21.0.10\bin\jli.dll
0x00007ffa65f00000 - 0x00007ffa65fbc000 	C:\WINDOWS\System32\ADVAPI32.dll
0x00007ffa65c70000 - 0x00007ffa65d19000 	C:\WINDOWS\System32\msvcrt.dll
0x00007ffa65880000 - 0x00007ffa65929000 	C:\WINDOWS\System32\sechost.dll
0x00007ffa65b10000 - 0x00007ffa65c28000 	C:\WINDOWS\System32\RPCRT4.dll
0x00007ffa65930000 - 0x00007ffa65aff000 	C:\WINDOWS\System32\USER32.dll
0x00007ffa4ecc0000 - 0x00007ffa4ef50000 	C:\WINDOWS\WinSxS\amd64_microsoft.windows.common-controls_6595b64144ccf1df_6.0.26100.9278_none_3e0d1ba8e3303201\COMCTL32.dll
0x00007ffa64660000 - 0x00007ffa64687000 	C:\WINDOWS\System32\win32u.dll
0x00007ffa65d20000 - 0x00007ffa65d4b000 	C:\WINDOWS\System32\GDI32.dll
0x00007ffa64750000 - 0x00007ffa64879000 	C:\WINDOWS\System32\gdi32full.dll
0x00007ffa644f0000 - 0x00007ffa64593000 	C:\WINDOWS\System32\msvcp_win.dll
0x00007ffa5ca50000 - 0x00007ffa5ca5b000 	C:\WINDOWS\SYSTEM32\VERSION.dll
0x00007ffa65c30000 - 0x00007ffa65c61000 	C:\WINDOWS\System32\IMM32.DLL
0x00007ffa23b00000 - 0x00007ffa23b0c000 	C:\Program Files\Java\jdk-21.0.10\bin\vcruntime140_1.dll
0x00007ffa01a90000 - 0x00007ffa01b1d000 	C:\Program Files\Java\jdk-21.0.10\bin\msvcp140.dll
0x00007ff9d9e80000 - 0x00007ff9daba7000 	C:\Program Files\Java\jdk-21.0.10\bin\server\jvm.dll
0x00007ffa64e90000 - 0x00007ffa64f10000 	C:\WINDOWS\System32\WS2_32.dll
0x00007ffa641e0000 - 0x00007ffa6423e000 	C:\WINDOWS\SYSTEM32\POWRPROF.dll
0x00007ffa5a8e0000 - 0x00007ffa5a916000 	C:\WINDOWS\SYSTEM32\WINMM.dll
0x00007ffa641c0000 - 0x00007ffa641d5000 	C:\WINDOWS\SYSTEM32\UMPDC.dll
0x00007ffa62b20000 - 0x00007ffa62b3b000 	C:\WINDOWS\SYSTEM32\kernel.appcore.dll
0x00007ffa22df0000 - 0x00007ffa22dfa000 	C:\Program Files\Java\jdk-21.0.10\bin\jimage.dll
0x00007ffa5bcc0000 - 0x00007ffa5bf0c000 	C:\WINDOWS\SYSTEM32\DBGHELP.DLL
0x00007ffa66900000 - 0x00007ffa66c85000 	C:\WINDOWS\System32\combase.dll
0x00007ffa65fd0000 - 0x00007ffa660a9000 	C:\WINDOWS\System32\OLEAUT32.dll
0x00007ffa4da50000 - 0x00007ffa4da8b000 	C:\WINDOWS\SYSTEM32\dbgcore.DLL
0x00007ffa645a0000 - 0x00007ffa6464c000 	C:\WINDOWS\System32\bcryptPrimitives.dll
0x00007ffa22520000 - 0x00007ffa22530000 	C:\Program Files\Java\jdk-21.0.10\bin\instrument.dll
0x00007ffa07180000 - 0x00007ffa071a1000 	C:\Program Files\Java\jdk-21.0.10\bin\java.dll
0x00007ffa64f90000 - 0x00007ffa65728000 	C:\WINDOWS\System32\SHELL32.dll
0x00007ffa61890000 - 0x00007ffa6213e000 	C:\WINDOWS\SYSTEM32\windows.storage.dll
0x00007ffa66800000 - 0x00007ffa668fb000 	C:\WINDOWS\System32\SHCORE.dll
0x00007ffa64f20000 - 0x00007ffa64f86000 	C:\WINDOWS\System32\shlwapi.dll
0x00007ffa64280000 - 0x00007ffa642a9000 	C:\WINDOWS\SYSTEM32\profapi.dll
0x00007ff9fedb0000 - 0x00007ff9fee87000 	C:\Program Files\Java\jdk-21.0.10\bin\jsvml.dll
0x00007ffa01940000 - 0x00007ffa01958000 	C:\Program Files\Java\jdk-21.0.10\bin\zip.dll
0x00007ffa01d50000 - 0x00007ffa01d61000 	C:\Program Files\Java\jdk-21.0.10\bin\net.dll
0x00007ffa5e660000 - 0x00007ffa5e78a000 	C:\WINDOWS\SYSTEM32\WINHTTP.dll
0x00007ffa63100000 - 0x00007ffa6316c000 	C:\WINDOWS\system32\mswsock.dll
0x00007ffa01a70000 - 0x00007ffa01a86000 	C:\Program Files\Java\jdk-21.0.10\bin\nio.dll
0x00007ffa1b6e0000 - 0x00007ffa1b6e9000 	C:\Program Files\Java\jdk-21.0.10\bin\extnet.dll
0x00007ffa21aa0000 - 0x00007ffa21aae000 	C:\Program Files\Java\jdk-21.0.10\bin\sunmscapi.dll
0x00007ffa64360000 - 0x00007ffa644de000 	C:\WINDOWS\System32\CRYPT32.dll
0x00007ffa636e0000 - 0x00007ffa63710000 	C:\WINDOWS\SYSTEM32\ncrypt.dll
0x00007ffa63670000 - 0x00007ffa636af000 	C:\WINDOWS\SYSTEM32\NTASN1.dll
0x00007ffa63410000 - 0x00007ffa6342b000 	C:\WINDOWS\SYSTEM32\CRYPTSP.dll
0x00007ffa62a80000 - 0x00007ffa62ab9000 	C:\WINDOWS\system32\rsaenh.dll
0x00007ffa631b0000 - 0x00007ffa631e4000 	C:\WINDOWS\SYSTEM32\USERENV.dll
0x00007ffa64250000 - 0x00007ffa6427a000 	C:\WINDOWS\SYSTEM32\bcrypt.dll
0x00007ffa633f0000 - 0x00007ffa633fc000 	C:\WINDOWS\SYSTEM32\CRYPTBASE.dll
0x00007ffa62510000 - 0x00007ffa62543000 	C:\WINDOWS\SYSTEM32\IPHLPAPI.DLL
0x00007ffa65d50000 - 0x00007ffa65d5a000 	C:\WINDOWS\System32\NSI.dll
0x00007ffa1b4d0000 - 0x00007ffa1b4da000 	C:\Program Files\Java\jdk-21.0.10\bin\management.dll
0x00007ffa19390000 - 0x00007ffa1939c000 	C:\Program Files\Java\jdk-21.0.10\bin\management_ext.dll
0x00007ffa660e0000 - 0x00007ffa660e8000 	C:\WINDOWS\System32\PSAPI.DLL
0x00007ffa625b0000 - 0x00007ffa62708000 	C:\WINDOWS\SYSTEM32\DNSAPI.dll
0x00007ffa62ee0000 - 0x00007ffa62eed000 	C:\WINDOWS\SYSTEM32\DSPARSE.dll
0x00007ffa5d5c0000 - 0x00007ffa5d5cb000 	C:\Windows\System32\rasadhlp.dll
0x00007ffa5eb40000 - 0x00007ffa5ebc6000 	C:\WINDOWS\System32\fwpuclnt.dll
0x00007ffa63d80000 - 0x00007ffa63d88000 	C:\WINDOWS\system32\wshunix.dll

dbghelp: loaded successfully - version: 4.0.5 - missing functions: none
symbol engine: initialized successfully - sym options: 0x614 - pdb path: .;C:\Program Files\Java\jdk-21.0.10\bin;C:\WINDOWS\SYSTEM32;C:\WINDOWS\WinSxS\amd64_microsoft.windows.common-controls_6595b64144ccf1df_6.0.26100.9278_none_3e0d1ba8e3303201;C:\Program Files\Java\jdk-21.0.10\bin\server

VM Arguments:
jvm_args: -javaagent:C:\Program Files\JetBrains\IntelliJ IDEA 2026.1.2\lib\idea_rt.jar=55386 -Dfile.encoding=UTF-8 -Dsun.stdout.encoding=UTF-8 -Dsun.stderr.encoding=UTF-8 
java_command: org.example.vehicles_rental.VehiclesRentalApplication
java_class_path (initial): D:\spring\vehicle_rental\target\classes;C:\Users\ASUS\.m2\repository\org\springframework\boot\spring-boot-starter-webmvc\4.1.0\spring-boot-starter-webmvc-4.1.0.jar;C:\Users\ASUS\.m2\repository\org\springframework\boot\spring-boot-starter\4.1.0\spring-boot-starter-4.1.0.jar;C:\Users\ASUS\.m2\repository\org\springframework\boot\spring-boot-starter-logging\4.1.0\spring-boot-starter-logging-4.1.0.jar;C:\Users\ASUS\.m2\repository\ch\qos\logback\logback-classic\1.5.34\logback-classic-1.5.34.jar;C:\Users\ASUS\.m2\repository\ch\qos\logback\logback-core\1.5.34\logback-core-1.5.34.jar;C:\Users\ASUS\.m2\repository\org\apache\logging\log4j\log4j-to-slf4j\2.25.4\log4j-to-slf4j-2.25.4.jar;C:\Users\ASUS\.m2\repository\org\apache\logging\log4j\log4j-api\2.25.4\log4j-api-2.25.4.jar;C:\Users\ASUS\.m2\repository\org\slf4j\jul-to-slf4j\2.0.18\jul-to-slf4j-2.0.18.jar;C:\Users\ASUS\.m2\repository\org\springframework\boot\spring-boot-autoconfigure\4.1.0\spring-boot-autoconfigure-4.1.0.jar;C:\Users\ASUS\.m2\repository\jakarta\annotation\jakarta.annotation-api\3.0.0\jakarta.annotation-api-3.0.0.jar;C:\Users\ASUS\.m2\repository\org\yaml\snakeyaml\2.6\snakeyaml-2.6.jar;C:\Users\ASUS\.m2\repository\org\springframework\boot\spring-boot-starter-jackson\4.1.0\spring-boot-starter-jackson-4.1.0.jar;C:\Users\ASUS\.m2\repository\org\springframework\boot\spring-boot-jackson\4.1.0\spring-boot-jackson-4.1.0.jar;C:\Users\ASUS\.m2\repository\org\springframework\boot\spring-boot-starter-tomcat\4.1.0\spring-boot-starter-tomcat-4.1.0.jar;C:\Users\ASUS\.m2\repository\org\springframework\boot\spring-boot-starter-tomcat-runtime\4.1.0\spring-boot-starter-tomcat-runtime-4.1.0.jar;C:\Users\ASUS\.m2\repository\org\springframework\boot\spring-boot-web-server\4.1.0\spring-boot-web-server-4.1.0.jar;C:\Users\ASUS\.m2\repository\org\apache\tomcat\embed\tomcat-embed-core\11.0.22\tomcat-embed-core-11.0.22.jar;C:\Users\ASUS\.m2\repository\org\apache\tomcat\embed\tomcat-embed-websocket\11.0.22\tomcat-embed-websocket-11.0.22.jar;C:\Users\ASUS\.m2\repository\org\springframework\boot\spring-boot-tomcat\4.1.0\spring-boot-tomcat-4.1.0.jar;C:\Users\ASUS\.m2\repository\org\springframework\boot\spring-boot-http-converter\4.1.0\spring-boot-http-converter-4.1.0.jar;C:\Users\ASUS\.m2\repository\org\springframework\boot\spring-boot\4.1.0\spring-boot-4.1.0.jar;C:\Users\ASUS\.m2\repository\org\springframework\spring-web\7.0.8\spring-web-7.0.8.jar;C:\Users\ASUS\.m2\repository\org\springframework\boot\spring-boot-webmvc\4.1.0\spring-boot-webmvc-4.1.0.jar;C:\Users\ASUS\.m2\repository\org\springframework\boot\spring-boot-servlet\4.1.0\spring-boot-servlet-4.1.0.jar;C:\Users\ASUS\.m2\repository\org\springframework\spring-webmvc\7.0.8\spring-webmvc-7.0.8.jar;C:\Users\ASUS\.m2\repository\org\springframework\boot\spring-boot-starter-data-jpa\4.1.0\spring-boot-starter-data-jpa-4.1.0.jar;C:\Users\ASUS\.m2\repository\org\springframework\boot\spring-boot-starter-jdbc\4.1.0\spring-boot-starter-jdbc-4.1.0.jar;C:\Users\ASUS\.m2\repository\com\zaxxer\HikariCP\7.0.2\HikariCP-7.0.2.jar;C:\Users\ASUS\.m2\repository\org\springframework\boot\spring-boot-data-jpa\4.1.0\spring-boot-data-jpa-4.1.0.jar;C:\Users\ASUS\.m2\repository\org\springframework\boot\spring-boot-data-commons\4.1.0\spring-boot-data-commons-4.1.0.jar;C:\Users\ASUS\.m2\repository\org\springframework\boot\spring-boot-persistence\4.1.0\spring-boot-persistence-4.1.0.jar;C:\Users\ASUS\.m2\repository\org\springframework\data\spring-data-commons\4.1.0\spring-data-commons-4.1.0.jar;C:\Users\ASUS\.m2\repository\org\springframework\boot\spring-boot-hibernate\4.1.0\spring-boot-hibernate-4.1.0.jar;C:\Users\ASUS\.m2\repository\org\springframework\boot\spring-boot-jpa\4.1.0\spring-boot-jpa-4.1.0.jar;C:\Users\ASUS\.m2\repository\jakarta\persistence\jakarta.persistence-api\3.2.0\jakarta.persistence-api-3.2.0.jar;C:\Users\ASUS\.m2\repository\org\hibernate\orm\hibernate-core\7.4.1.Final\hibernate-core-7.4.1.Final.jar;C:\Users\ASUS\.m2\repository\jakarta\transaction\jakarta.transaction-api\2.0.1\jakarta.transaction-api-2.0.1.jar;C:\Users\ASUS\.m2\repository\org\hibernate\models\hibernate-models\1.1.1\hibernate-models-1.1.1.jar;C:\Users\ASUS\.m2\repository\org\glassfish\jaxb\jaxb-runtime\4.0.9\jaxb-runtime-4.0.9.jar;C:\Users\ASUS\.m2\repository\org\glassfish\jaxb\jaxb-core\4.0.9\jaxb-core-4.0.9.jar;C:\Users\ASUS\.m2\repository\org\glassfish\jaxb\txw2\4.0.9\txw2-4.0.9.jar;C:\Users\ASUS\.m2\repository\com\sun\istack\istack-commons-runtime\4.1.2\istack-commons-runtime-4.1.2.jar;C:\Users\ASUS\.m2\repository\org\springframework\spring-orm\7.0.8\spring-orm-7.0.8.jar;C:\Users\ASUS\.m2\repository\org\springframework\data\spring-data-jpa\4.1.0\spring-data-jpa-4.1.0.jar;C:\Users\ASUS\.m2\repository\org\springframework\spring-tx\7.0.8\spring-tx-7.0.8.jar;C:\Users\ASUS\.m2\repository\org\antlr\antlr4-runtime\4.13.2\antlr4-runtime-4.13.2.jar;C:\Users\ASUS\.m2\repository\org\springframework\spring-aspects\7.0.8\spring-aspects-7.0.8.jar;C:\Users\ASUS\.m2\repository\org\aspectj\aspectjweaver\1.9.25.1\aspectjweaver-1.9.25.1.jar;C:\Users\ASUS\.m2\repository\org\springframework\boot\spring-boot-jdbc\4.1.0\spring-boot-jdbc-4.1.0.jar;C:\Users\ASUS\.m2\repository\org\springframework\boot\spring-boot-sql\4.1.0\spring-boot-sql-4.1.0.jar;C:\Users\ASUS\.m2\repository\org\springframework\boot\spring-boot-transaction\4.1.0\spring-boot-transaction-4.1.0.jar;C:\Users\ASUS\.m2\repository\org\springframework\spring-jdbc\7.0.8\spring-jdbc-7.0.8.jar;C:\Users\ASUS\.m2\repository\org\springframework\boot\spring-boot-starter-security\4.1.0\spring-boot-starter-security-4.1.0.jar;C:\Users\ASUS\.m2\repository\org\springframework\boot\spring-boot-security\4.1.0\spring-boot-security-4.1.0.jar;C:\Users\ASUS\.m2\repository\org\springframework\security\spring-security-config\7.1.0\spring-security-config-7.1.0.jar;C:\Users\ASUS\.m2\repository\org\springframework\spring-aop\7.0.8\spring-aop-7.0.8.jar;C:\Users\ASUS\.m2\repository\org\springframework\spring-beans\7.0.8\spring-beans-7.0.8.jar;C:\Users\ASUS\.m2\repository\org\springframework\boot\spring-boot-starter-validation\4.1.0\spring-boot-starter-validation-4.1.0.jar;C:\Users\ASUS\.m2\repository\org\springframework\boot\spring-boot-validation\4.1.0\spring-boot-validation-4.1.0.jar;C:\Users\ASUS\.m2\repository\org\apache\tomcat\embed\tomcat-embed-el\11.0.22\tomcat-embed-el-11.0.22.jar;C:\Users\ASUS\.m2\repository\org\hibernate\validator\hibernate-validator\9.1.0.Final\hibernate-validator-9.1.0.Final.jar;C:\Users\ASUS\.m2\repository\org\jboss\logging\jboss-logging\3.6.3.Final\jboss-logging-3.6.3.Final.jar;C:\Users\ASUS\.m2\repository\com\fasterxml\classmate\1.7.3\classmate-1.7.3.jar;C:\Users\ASUS\.m2\repository\org\postgresql\postgresql\42.7.11\postgresql-42.7.11.jar;C:\Users\ASUS\.m2\repository\org\projectlombok\lombok\1.18.46\lombok-1.18.46.jar;C:\Users\ASUS\.m2\repository\org\springframework\boot\spring-boot-starter-mail\4.1.0\spring-boot-starter-mail-4.1.0.jar;C:\Users\ASUS\.m2\repository\org\springframework\boot\spring-boot-mail\4.1.0\spring-boot-mail-4.1.0.jar;C:\Users\ASUS\.m2\repository\org\springframework\spring-context-support\7.0.8\spring-context-support-7.0.8.jar;C:\Users\ASUS\.m2\repository\jakarta\mail\jakarta.mail-api\2.1.5\jakarta.mail-api-2.1.5.jar;C:\Users\ASUS\.m2\repository\org\eclipse\angus\angus-mail\2.0.5\angus-mail-2.0.5.jar;C:\Users\ASUS\.m2\repository\org\eclipse\angus\angus-activation\2.0.3\angus-activation-2.0.3.jar;C:\Users\ASUS\.m2\repository\org\flywaydb\flyway-database-postgresql\12.4.0\flyway-database-postgresql-12.4.0.jar;C:\Users\ASUS\.m2\repository\org\flywaydb\flyway-core\12.4.0\flyway-core-12.4.0.jar;C:\Users\ASUS\.m2\repository\tools\jackson\core\jackson-databind\3.1.4\jackson-databind-3.1.4.jar;C:\Users\ASUS\.m2\repository\tools\jackson\core\jackson-core\3.1.4\jackson-core-3.1.4.jar;C:\Users\ASUS\.m2\repository\io\jsonwebtoken\jjwt-api\0.12.7\jjwt-api-0.12.7.jar;C:\Users\ASUS\.m2\repository\io\jsonwebtoken\jjwt-impl\0.12.7\jjwt-impl-0.12.7.jar;C:\Users\ASUS\.m2\repository\io\jsonwebtoken\jjwt-jackson\0.12.7\jjwt-jackson-0.12.7.jar;C:\Users\ASUS\.m2\repository\com\fasterxml\jackson\core\jackson-databind\2.21.4\jackson-databind-2.21.4.jar;C:\Users\ASUS\.m2\repository\com\fasterxml\jackson\core\jackson-core\2.21.4\jackson-core-2.21.4.jar;C:\Users\ASUS\.m2\repository\jakarta\xml\bind\jakarta.xml.bind-api\4.0.5\jakarta.xml.bind-api-4.0.5.jar;C:\Users\ASUS\.m2\repository\jakarta\activation\jakarta.activation-api\2.1.4\jakarta.activation-api-2.1.4.jar;C:\Users\ASUS\.m2\repository\net\minidev\json-smart\2.6.0\json-smart-2.6.0.jar;C:\Users\ASUS\.m2\repository\net\minidev\accessors-smart\2.6.0\accessors-smart-2.6.0.jar;C:\Users\ASUS\.m2\repository\org\ow2\asm\asm\9.7.1\asm-9.7.1.jar;C:\Users\ASUS\.m2\repository\net\bytebuddy\byte-buddy\1.18.10\byte-buddy-1.18.10.jar;C:\Users\ASUS\.m2\repository\org\springframework\spring-core\7.0.8\spring-core-7.0.8.jar;C:\Users\ASUS\.m2\repository\commons-logging\commons-logging\1.3.6\commons-logging-1.3.6.jar;C:\Users\ASUS\.m2\repository\org\jspecify\jspecify\1.0.0\jspecify-1.0.0.jar;C:\Users\ASUS\.m2\repository\org\springframework\security\spring-security-core\7.1.0\spring-security-core-7.1.0.jar;C:\Users\ASUS\.m2\repository\org\springframework\security\spring-security-crypto\7.1.0\spring-security-crypto-7.1.0.jar;C:\Users\ASUS\.m2\repository\org\springframework\spring-context\7.0.8\spring-context-7.0.8.jar;C:\Users\ASUS\.m2\repository\org\springframework\spring-expression\7.0.8\spring-expression-7.0.8.jar;C:\Users\ASUS\.m2\repository\io\micrometer\micrometer-observation\1.17.0\micrometer-observation-1.17.0.jar;C:\Users\ASUS\.m2\repository\io\micrometer\micrometer-commons\1.17.0\micrometer-commons-1.17.0.jar;C:\Users\ASUS\.m2\repository\org\springframework\security\spring-security-web\7.1.0\spring-security-web-7.1.0.jar;C:\Users\ASUS\.m2\repository\kh\gov\nbc\bakong_khqr\sdk-java\1.0.0.17\sdk-java-1.0.0.17.jar;C:\Users\ASUS\.m2\repository\com\google\code\gson\gson\2.13.2\gson-2.13.2.jar;C:\Users\ASUS\.m2\repository\com\google\errorprone\error_prone_annotations\2.41.0\error_prone_annotations-2.41.0.jar;C:\Users\ASUS\.m2\repository\com\squareup\okhttp3\logging-interceptor\5.3.2\logging-interceptor-5.3.2.jar;C:\Users\ASUS\.m2\repository\org\jetbrains\kotlin\kotlin-stdlib\2.3.21\kotlin-stdlib-2.3.21.jar;C:\Users\ASUS\.m2\repository\org\jetbrains\annotations\13.0\annotations-13.0.jar;C:\Users\ASUS\.m2\repository\com\squareup\okhttp3\okhttp-jvm\5.3.2\okhttp-jvm-5.3.2.jar;C:\Users\ASUS\.m2\repository\com\squareup\okio\okio-jvm\3.16.4\okio-jvm-3.16.4.jar;C:\Users\ASUS\.m2\repository\commons-validator\commons-validator\1.10.1\commons-validator-1.10.1.jar;C:\Users\ASUS\.m2\repository\commons-beanutils\commons-beanutils\1.11.0\commons-beanutils-1.11.0.jar;C:\Users\ASUS\.m2\repository\commons-digester\commons-digester\2.1\commons-digester-2.1.jar;C:\Users\ASUS\.m2\repository\commons-collections\commons-collections\3.2.2\commons-collections-3.2.2.jar;C:\Users\ASUS\.m2\repository\com\cloudinary\cloudinary-http44\1.39.0\cloudinary-http44-1.39.0.jar;C:\Users\ASUS\.m2\repository\com\cloudinary\cloudinary-core\1.39.0\cloudinary-core-1.39.0.jar;C:\Users\ASUS\.m2\repository\org\apache\commons\commons-lang3\3.20.0\commons-lang3-3.20.0.jar;C:\Users\ASUS\.m2\repository\org\apache\httpcomponents\httpclient\4.4\httpclient-4.4.jar;C:\Users\ASUS\.m2\repository\org\apache\httpcomponents\httpcore\4.4.16\httpcore-4.4.16.jar;C:\Users\ASUS\.m2\repository\commons-codec\commons-codec\1.21.0\commons-codec-1.21.0.jar;C:\Users\ASUS\.m2\repository\org\apache\httpcomponents\httpmime\4.4\httpmime-4.4.jar;C:\Users\ASUS\.m2\repository\org\springframework\boot\spring-boot-starter-oauth2-client\4.1.0\spring-boot-starter-oauth2-client-4.1.0.jar;C:\Users\ASUS\.m2\repository\org\springframework\boot\spring-boot-security-oauth2-client\4.1.0\spring-boot-security-oauth2-client-4.1.0.jar;C:\Users\ASUS\.m2\repository\org\springframework\security\spring-security-oauth2-client\7.1.0\spring-security-oauth2-client-7.1.0.jar;C:\Users\ASUS\.m2\repository\com\nimbusds\oauth2-oidc-sdk\11.37.2\oauth2-oidc-sdk-11.37.2.jar;C:\Users\ASUS\.m2\repository\com\github\stephenc\jcip\jcip-annotations\1.0-1\jcip-annotations-1.0-1.jar;C:\Users\ASUS\.m2\repository\com\nimbusds\content-type\2.3\content-type-2.3.jar;C:\Users\ASUS\.m2\repository\com\nimbusds\lang-tag\1.7\lang-tag-1.7.jar;C:\Users\ASUS\.m2\repository\org\springframework\security\spring-security-oauth2-jose\7.1.0\spring-security-oauth2-jose-7.1.0.jar;C:\Users\ASUS\.m2\repository\org\springframework\security\spring-security-oauth2-core\7.1.0\spring-security-oauth2-core-7.1.0.jar;C:\Users\ASUS\.m2\repository\com\nimbusds\nimbus-jose-jwt\10.9\nimbus-jose-jwt-10.9.jar;C:\Users\ASUS\.m2\repository\org\telegram\telegrambots\6.9.7.1\telegrambots-6.9.7.1.jar;C:\Users\ASUS\.m2\repository\org\telegram\telegrambots-meta\6.9.7.1\telegrambots-meta-6.9.7.1.jar;C:\Users\ASUS\.m2\repository\com\fasterxml\jackson\datatype\jackson-datatype-jsr310\2.21.4\jackson-datatype-jsr310-2.21.4.jar;C:\Users\ASUS\.m2\repository\com\fasterxml\jackson\core\jackson-annotations\2.21\jackson-annotations-2.21.jar;C:\Users\ASUS\.m2\repository\com\fasterxml\jackson\jaxrs\jackson-jaxrs-json-provider\2.21.4\jackson-jaxrs-json-provider-2.21.4.jar;C:\Users\ASUS\.m2\repository\com\fasterxml\jackson\jaxrs\jackson-jaxrs-base\2.21.4\jackson-jaxrs-base-2.21.4.jar;C:\Users\ASUS\.m2\repository\com\fasterxml\jackson\module\jackson-module-jaxb-annotations\2.21.4\jackson-module-jaxb-annotations-2.21.4.jar;C:\Users\ASUS\.m2\repository\javax\xml\bind\jaxb-api\2.2.12\jaxb-api-2.2.12.jar;C:\Users\ASUS\.m2\repository\org\glassfish\jersey\inject\jersey-hk2\4.0.2\jersey-hk2-4.0.2.jar;C:\Users\ASUS\.m2\repository\org\glassfish\jersey\core\jersey-common\4.0.2\jersey-common-4.0.2.jar;C:\Users\ASUS\.m2\repository\org\glassfish\hk2\osgi-resource-locator\3.0.0\osgi-resource-locator-3.0.0.jar;C:\Users\ASUS\.m2\repository\org\glassfish\hk2\hk2-locator\4.0.0-M3\hk2-locator-4.0.0-M3.jar;C:\Users\ASUS\.m2\repository\org\glassfish\hk2\external\aopalliance-repackaged\4.0.0-M3\aopalliance-repackaged-4.0.0-M3.jar;C:\Users\ASUS\.m2\repository\org\glassfish\hk2\hk2-api\4.0.0-M3\hk2-api-4.0.0-M3.jar;C:\Users\ASUS\.m2\repository\org\glassfish\hk2\hk2-utils\4.0.0-M3\hk2-utils-4.0.0-M3.jar;C:\Users\ASUS\.m2\repository\org\javassist\javassist\3.30.2-GA\javassist-3.30.2-GA.jar;C:\Users\ASUS\.m2\repository\org\glassfish\jersey\media\jersey-media-json-jackson\4.0.2\jersey-media-json-jackson-4.0.2.jar;C:\Users\ASUS\.m2\repository\org\glassfish\jersey\ext\jersey-entity-filtering\4.0.2\jersey-entity-filtering-4.0.2.jar;C:\Users\ASUS\.m2\repository\com\fasterxml\jackson\module\jackson-module-jakarta-xmlbind-annotations\2.21.4\jackson-module-jakarta-xmlbind-annotations-2.21.4.jar;C:\Users\ASUS\.m2\repository\org\glassfish\jersey\containers\jersey-container-grizzly2-http\4.0.2\jersey-container-grizzly2-http-4.0.2.jar;C:\Users\ASUS\.m2\repository\jakarta\inject\jakarta.inject-api\2.0.1\jakarta.inject-api-2.0.1.jar;C:\Users\ASUS\.m2\repository\org\glassfish\grizzly\grizzly-http-server\4.0.2\grizzly-http-server-4.0.2.jar;C:\Users\ASUS\.m2\repository\org\glassfish\grizzly\grizzly-http\4.0.2\grizzly-http-4.0.2.jar;C:\Users\ASUS\.m2\repository\org\glassfish\grizzly\grizzly-framework\4.0.2\grizzly-framework-4.0.2.jar;C:\Users\ASUS\.m2\repository\jakarta\ws\rs\jakarta.ws.rs-api\4.0.0\jakarta.ws.rs-api-4.0.0.jar;C:\Users\ASUS\.m2\repository\org\glassfish\jersey\core\jersey-server\4.0.2\jersey-server-4.0.2.jar;C:\Users\ASUS\.m2\repository\org\glassfish\jersey\core\jersey-client\4.0.2\jersey-client-4.0.2.jar;C:\Users\ASUS\.m2\repository\jakarta\validation\jakarta.validation-api\3.1.1\jakarta.validation-api-3.1.1.jar;C:\Users\ASUS\.m2\repository\commons-io\commons-io\2.15.1\commons-io-2.15.1.jar;C:\Users\ASUS\.m2\repository\org\slf4j\slf4j-api\2.0.18\slf4j-api-2.0.18.jar
Launcher Type: SUN_STANDARD

[Global flags]
     intx CICompilerCount                          = 4                                         {product} {ergonomic}
     uint ConcGCThreads                            = 3                                         {product} {ergonomic}
     uint G1ConcRefinementThreads                  = 10                                        {product} {ergonomic}
   size_t G1HeapRegionSize                         = 2097152                                   {product} {ergonomic}
    uintx GCDrainStackTargetSize                   = 64                                        {product} {ergonomic}
   size_t InitialHeapSize                          = 257949696                                 {product} {ergonomic}
   size_t MarkStackSize                            = 4194304                                   {product} {ergonomic}
   size_t MaxHeapSize                              = 4114612224                                {product} {ergonomic}
   size_t MaxNewSize                               = 2468347904                                {product} {ergonomic}
   size_t MinHeapDeltaBytes                        = 2097152                                   {product} {ergonomic}
   size_t MinHeapSize                              = 8388608                                   {product} {ergonomic}
    uintx NonNMethodCodeHeapSize                   = 5839372                                {pd product} {ergonomic}
    uintx NonProfiledCodeHeapSize                  = 122909434                              {pd product} {ergonomic}
    uintx ProfiledCodeHeapSize                     = 122909434                              {pd product} {ergonomic}
    uintx ReservedCodeCacheSize                    = 251658240                              {pd product} {ergonomic}
     bool SegmentedCodeCache                       = true                                      {product} {ergonomic}
   size_t SoftMaxHeapSize                          = 4114612224                             {manageable} {ergonomic}
     bool UseCompressedOops                        = true                           {product lp64_product} {ergonomic}
     bool UseG1GC                                  = true                                      {product} {ergonomic}
     bool UseLargePagesIndividualAllocation        = false                                  {pd product} {ergonomic}

Logging:
Log output configuration:
 #0: stdout all=warning uptime,level,tags foldmultilines=false
 #1: stderr all=off uptime,level,tags foldmultilines=false

Environment Variables:
PATH=D:\Splus\Insightful\splus80\;C:\Program Files\Python314\Scripts\;C:\Program Files\Python314\;C:\Program Files\Common Files\Oracle\Java\javapath;C:\Program Files (x86)\VMware\VMware Workstation\bin\;C:\Program Files (x86)\Common Files\Intel\Shared Libraries\redist\intel64\compiler;C:\WINDOWS\system32;C:\WINDOWS;C:\WINDOWS\System32\Wbem;C:\WINDOWS\System32\WindowsPowerShell\v1.0\;C:\WINDOWS\System32\OpenSSH\;C:\Program Files (x86)\NVIDIA Corporation\PhysX\Common;C:\Program Files\NVIDIA Corporation\NVIDIA NvDLISR;C:\Program Files\dotnet\;C:\Program Files\MySQL\MySQL Server 8.0\bin;C:\Program Files\nodejs\;C:\Program Files\Git\cmd;C:\Program Files (x86)\Microsoft SQL Server\170\Tools\Binn\;C:\Program Files\Microsoft SQL Server\170\Tools\Binn\;C:\Program Files\Microsoft SQL Server\Client SDK\ODBC\180\Tools\Binn\;C:\Program Files\Microsoft SQL Server\170\DTS\Binn\;C:\Program Files\Microsoft SQL Server\Client SDK\ODBC\170\Tools\Binn\;C:\Program Files\MySQL\MySQL Shell 8.0\bin\;C:\Users\ASUS\AppData\Local\Microsoft\WindowsApps;C:\Users\ASUS\AppData\Local\Programs\Microsoft VS Code\bin;C:\Users\ASUS\AppData\Roaming\npm;C:\Users\ASUS\AppData\Local\Python\bin;C:\Users\ASUS\.dotnet\tools;C:\Users\ASUS\AppData\Local\Programs\DockerDesktop\resources\bin
USERNAME=ASUS
OS=Windows_NT
PROCESSOR_IDENTIFIER=AMD64 Family 25 Model 68 Stepping 1, AuthenticAMD
TMP=C:\Users\ASUS\AppData\Local\Temp
TEMP=C:\Users\ASUS\AppData\Local\Temp




Periodic native trim disabled

---------------  S Y S T E M  ---------------

OS:
 Windows 11 , 64 bit Build 26100 (10.0.26100.9444)
OS uptime: 2 days 13:52 hours
Hyper-V role detected

CPU: total 12 (initial active 12) (12 cores per cpu, 2 threads per core) family 25 model 68 stepping 1 microcode 0xa404107, cx8, cmov, fxsr, ht, mmx, 3dnowpref, sse, sse2, sse3, ssse3, sse4a, sse4.1, sse4.2, popcnt, lzcnt, tsc, tscinvbit, avx, avx2, aes, erms, clmul, bmi1, bmi2, adx, sha, fma, vzeroupper, clflush, clflushopt, hv, rdtscp, rdpid, fsrm, f16c, cet_ss
Processor Information for all 12 processors :
  Max Mhz: 3301, Current Mhz: 3301, Mhz Limit: 3301

Memory: 4k page, system-wide physical 15690M (468M free)
TotalPageFile size 30486M (AvailPageFile size 0M)
current process WorkingSet (physical memory assigned to process): 340M, peak: 381M
current process commit charge ("private bytes"): 405M, peak: 418M

vm_info: Java HotSpot(TM) 64-Bit Server VM (21.0.10+8-LTS-217) for windows-amd64 JRE (21.0.10+8-LTS-217), built on 2025-12-18T14:59:28Z by "mach5run" with MS VC++ 17.13 (VS2022)

END.
